reminder:
- id: 1
  content: content
  user_id: user
  created_at: 1000
  updated_at: 1000
  time_id: 2
time:
- id: 2
  timestamp: 3600 
  step: 1
  unit: DAYS
  bound_type: TIME_BOUND
  bound_value: 3600
  zone: Z