reminder:
- id: "regex:\\d+"
  content: content
  user_id: user
  created_at: 1000
  updated_at: 1000
time:
- id: "regex:\\d+"
  timestamp: 90060
  seconds_in_day: 3660
  unit: DAYS
  step: 1
  zone: Z