reminder:
- id: 1
  content: content
  user_id: user
  created_at: 1000
  updated_at: 1000
time:
- reminder_id: 1
  timestamp: 3600 
  step: 1
  unit: DAYS
  bound_type: NO_BOUND
  zone: Z
  exceptions: 3600