reminder:
- id: 1
  content: content
  userId: user
  createdAt: 1000
  updatedAt: 1000
  time_id: 2
time:
- id: 2
  time: 3600 
  step: 1
  unit: 7
  boundType: 2
  boundValue: 3600
  zone: Z