reminder:
- id: 2
  content: reminder2
  user_id: user
  created_at: 1000
  updated_at: 1000