reminder:
- id: 1
  content: content
  userId: user
  createdAt: 1000
  updatedAt: 1000
time:
- id: 2
  time: 7200