reminder:
- id: "regex:\\d+"
  content: content
  user_id: user
  created_at: 1000
  updated_at: 1000